// Jest Snapshot v1, https://goo.gl/fbAQLP

exports[`<App /> onmessage adds the new log to the state and localStorage 1`] = `"[{\\"x-github-delivery\\":123}]"`;
